# serializer version: 1
# name: test_feature_extraction
  FeatureChunk(chunk_id='sample-session-chunk000', start_time=1640995200250, end_time=1640995202100, events=[{'type': 3, 'data': {'source': 2, 'type': 2, 'id': 9, 'x': 140, 'y': 170}, 'timestamp': 1640995200250}, {'type': 3, 'data': {'source': 5, 'text': 'user@example.com', 'isChecked': False, 'id': 9}, 'timestamp': 1640995200800}, {'type': 3, 'data': {'source': 0, 'texts': [{'id': 9, 'value': 'user@example.com'}], 'attributes': [{'id': 9, 'attributes': {'value': 'user@example.com'}}], 'removes': [], 'adds': []}, 'timestamp': 1640995200850}, {'type': 3, 'data': {'source': 2, 'type': 2, 'id': 10, 'x': 210, 'y': 230}, 'timestamp': 1640995201100}, {'type': 3, 'data': {'source': 0, 'texts': [], 'attributes': [{'id': 10, 'attributes': {'class': 'btn-clicked'}}], 'removes': [], 'adds': []}, 'timestamp': 1640995201300}, {'type': 3, 'data': {'source': 3, 'id': 7, 'x': 0, 'y': 100}, 'timestamp': 1640995201500}, {'type': 3, 'data': {'source': 0, 'texts': [], 'attributes': [], 'removes': [], 'adds': [{'parentId': 7, 'nextId': None, 'node': {'type': 'Element', 'tagName': 'div', 'attributes': {'class': 'success-message', 'data-testid': 'success-msg'}, 'childNodes': [{'type': 'Text', 'textContent': 'Form submitted successfully!', 'id': 13}], 'id': 12}}]}, 'timestamp': 1640995201700}, {'type': 3, 'data': {'source': 2, 'type': 2, 'id': 12, 'x': 320, 'y': 360}, 'timestamp': 1640995202100}], features={'dom_mutations': [DomMutation(mutation_type='attribute', target_id=9, details={'attributes': {'value': 'user@example.com'}}, timestamp=1640995200850), DomMutation(mutation_type='text', target_id=9, details={'text': 'user@example.com'}, timestamp=1640995200850), DomMutation(mutation_type='attribute', target_id=10, details={'attributes': {'class': 'btn-clicked'}}, timestamp=1640995201300), DomMutation(mutation_type='add', target_id=12, details={'parent_id': 7, 'tag': 'div', 'attributes': {'class': 'success-message', 'data-testid': 'success-msg'}, 'text': ''}, timestamp=1640995201700)], 'interactions': [UserInteraction(action='click', target_id=9, value={'x': 140, 'y': 170}, timestamp=1640995200250), UserInteraction(action='input', target_id=9, value={'value': 'user@example.com', 'checked': False}, timestamp=1640995200800), UserInteraction(action='click', target_id=10, value={'x': 210, 'y': 230}, timestamp=1640995201100), UserInteraction(action='scroll', target_id=7, value={'x': 0, 'y': 100}, timestamp=1640995201500), UserInteraction(action='click', target_id=12, value={'x': 320, 'y': 360}, timestamp=1640995202100)], 'ui_nodes': {9: {'tag': 'input', 'aria_label': 'Email Address', 'data_testid': 'email-input', 'role': None, 'text': 'user@example.com', 'dom_path': 'unknown > html > body.main-content > form#contact-form > input#email'}, 10: {'tag': 'button', 'aria_label': 'Submit Form', 'data_testid': 'submit-btn', 'role': None, 'text': None, 'dom_path': 'unknown > html > body.main-content > form#contact-form > button#submit.btn-clicked'}, 12: {'tag': 'div', 'aria_label': None, 'data_testid': 'success-msg', 'role': None, 'text': None, 'dom_path': 'unknown > html > body.main-content > div.success-message'}, 7: {'tag': 'body', 'aria_label': None, 'data_testid': None, 'role': None, 'text': None, 'dom_path': 'unknown > html > body.main-content'}}, 'scroll_patterns': [ScrollPattern(scroll_event={'type': 3, 'data': {'source': 3, 'id': 7, 'x': 0, 'y': 100}, 'timestamp': 1640995201500}, mutation_event={'type': 3, 'data': {'source': 0, 'texts': [], 'attributes': [], 'removes': [], 'adds': [{'parentId': 7, 'nextId': None, 'node': {'type': 'Element', 'tagName': 'div', 'attributes': {'class': 'success-message', 'data-testid': 'success-msg'}, 'childNodes': [{'type': 'Text', 'textContent': 'Form submitted successfully!', 'id': 13}], 'id': 12}}]}, 'timestamp': 1640995201700}, delay_ms=200)]}, metadata={'num_events': 8, 'duration_ms': 1850, 'snapshot_before': {'type': 2, 'data': {'node': {'type': 'Document', 'id': 1, 'childNodes': [{'type': 'DocumentType', 'name': 'html', 'publicId': '', 'systemId': '', 'id': 2}, {'type': 'Element', 'tagName': 'html', 'attributes': {'lang': 'en'}, 'childNodes': [{'type': 'Element', 'tagName': 'head', 'attributes': {}, 'childNodes': [{'type': 'Element', 'tagName': 'title', 'attributes': {}, 'childNodes': [{'type': 'Text', 'textContent': 'Sample Page', 'id': 6}], 'id': 5}], 'id': 4}, {'type': 'Element', 'tagName': 'body', 'attributes': {'class': 'main-content'}, 'childNodes': [{'type': 'Element', 'tagName': 'form', 'attributes': {'id': 'contact-form'}, 'childNodes': [{'type': 'Element', 'tagName': 'input', 'attributes': {'type': 'email', 'id': 'email', 'data-testid': 'email-input', 'aria-label': 'Email Address', 'value': 'user@example.com'}, 'childNodes': [], 'id': 9}, {'type': 'Element', 'tagName': 'button', 'attributes': {'type': 'submit', 'id': 'submit', 'data-testid': 'submit-btn', 'aria-label': 'Submit Form', 'class': 'btn-clicked'}, 'childNodes': [{'type': 'Text', 'textContent': 'Submit', 'id': 11}], 'id': 10}], 'id': 8}], 'id': 7}], 'id': 3}]}, 'initialOffset': {'left': 0, 'top': 0}}, 'timestamp': 1640995200000}, 'session_id': 'sample-session'})
# ---
